// Jest Snapshot v1, https://goo.gl/fbAQLP

exports[`It renderer without errors 1`] = `
<ul
  className="index__pagination___sk_9O"
>
  <button
    className="index__itemPagination___S-Ybn"
    disabled={true}
    onClick={[Function]}
  >
    &lt;
  </button>
  <button
    className="index__itemPagination___S-Ybn"
    disabled={true}
    onClick={[Function]}
  >
    &lt;&lt;
  </button>
  <button
    className="index__pageCurrent___-4MRX"
    onClick={[Function]}
  >
    1
  </button>
  <button
    className="index__itemPagination___S-Ybn"
    onClick={[Function]}
  >
    2
  </button>
  <button
    className="index__itemPagination___S-Ybn"
    onClick={[Function]}
  >
    3
  </button>
  <button
    className="index__itemPagination___S-Ybn"
    onClick={[Function]}
  >
    4
  </button>
  <button
    className="index__itemPagination___S-Ybn"
    onClick={[Function]}
  >
    5
  </button>
  <button
    className="index__itemPagination___S-Ybn"
    onClick={[Function]}
  >
    6
  </button>
  <button
    className="index__itemPagination___S-Ybn"
    onClick={[Function]}
  >
    7
  </button>
  <button
    className="index__itemPagination___S-Ybn"
    onClick={[Function]}
  >
    8
  </button>
  <button
    className="index__itemPagination___S-Ybn"
    onClick={[Function]}
  >
    9
  </button>
  <button
    className="index__itemPagination___S-Ybn"
    onClick={[Function]}
  >
    10
  </button>
  <button
    className="index__itemPagination___S-Ybn"
    disabled={false}
    onClick={[Function]}
  >
    &gt;&gt;
  </button>
  <button
    className="index__itemPagination___S-Ybn"
    disabled={false}
    onClick={[Function]}
  >
    &gt;
  </button>
</ul>
`;
